// Jest Snapshot v1, https://goo.gl/fbAQLP

exports[`App renders correctly 1`] = `
<DocumentFragment>
  <div
    class="weather-app"
  >
    <h1
      class="location-details light"
    />
    <div
      class="search-form light"
    >
      <input
        class="search-form__input"
        type="text"
        value=""
      />
      <button
        class="search-form__button"
        type="submit"
      >
        Search
      </button>
    </div>
    <div
      class="forecast-summaries"
    />
    <div
      class="theme-button"
    >
      <button
        class="theme-button__button light"
        type="submit"
      >
        toggle theme
      </button>
    </div>
  </div>
</DocumentFragment>
`;
