// Jest Snapshot v1, https://goo.gl/fbAQLP

exports[`ForecastSummary renders correctly 1`] = `
<DocumentFragment>
  <div
    class="forecast-summary selected light"
    data-testid="forecast-summary"
  >
    <div
      class="forecast-summary__date"
      style="white-space: pre;"
    >
      Thu, 1 Jan
      
    </div>
    <div
      class="forecast-summary__icon"
      data-testid="forecast-icon"
      style="white-space: pre;"
    >
      <i
        class="wi wi-day-sunny weather-icon"
        name="owm"
      />
    </div>
    <div
      class="forecast-summary__temperature"
      style="white-space: pre;"
    >
      
22Â°C
    </div>
    <div
      class="forecast-summary__description"
    >
      Stub description
    </div>
    <button
      type="button"
    >
      More Details
    </button>
  </div>
</DocumentFragment>
`;
